Distributor ID:	Ubuntu
Description:	Ubuntu 16.04.3 LTS
Release:	16.04
Codename:	xenial
All available shells # /etc/shells: valid login shells
/bin/sh
/bin/dash
/bin/bash
/bin/rbash
Mouse Settings: ⎡ Virtual core pointer                    	id=2	[master pointer  (3)]
⎜   ↳ Virtual core XTEST pointer              	id=4	[slave  pointer  (2)]
⎜   ↳ SynPS/2 Synaptics TouchPad              	id=10	[slave  pointer  (2)]
⎣ Virtual core keyboard                   	id=3	[master keyboard (2)]
    ↳ Virtual core XTEST keyboard             	id=5	[slave  keyboard (3)]
    ↳ Power Button                            	id=6	[slave  keyboard (3)]
    ↳ Video Bus                               	id=7	[slave  keyboard (3)]
    ↳ HP TrueVision HD: HP TrueVision         	id=8	[slave  keyboard (3)]
    ↳ AT Translated Set 2 keyboard            	id=9	[slave  keyboard (3)]
    ↳ HP Wireless hotkeys                     	id=11	[slave  keyboard (3)]
    ↳ HP WMI hotkeys                          	id=12	[slave  keyboard (3)]
Architecture:          x86_64
CPU op-mode(s):        32-bit, 64-bit
Byte Order:            Little Endian
CPU(s):                4
On-line CPU(s) list:   0-3
Thread(s) per core:    2
Core(s) per socket:    2
Socket(s):             1
NUMA node(s):          1
Vendor ID:             GenuineIntel
CPU family:            6
Model:                 78
Model name:            Intel(R) Core(TM) i5-6200U CPU @ 2.30GHz
Stepping:              3
CPU MHz:               2400.000
CPU max MHz:           2800.0000
CPU min MHz:           400.0000
BogoMIPS:              4800.00
Virtualization:        VT-x
L1d cache:             32K
L1i cache:             32K
L2 cache:              256K
L3 cache:              3072K
NUMA node0 CPU(s):     0-3
Flags:                 fpu vme de pse tsc msr pae mce cx8 apic sep mtrr pge mca cmov pat pse36 clflush dts acpi mmx fxsr sse sse2 ss ht tm pbe syscall nx pdpe1gb rdtscp lm constant_tsc art arch_perfmon pebs bts rep_good nopl xtopology nonstop_tsc cpuid aperfmperf tsc_known_freq pni pclmulqdq dtes64 monitor ds_cpl vmx est tm2 ssse3 sdbg fma cx16 xtpr pdcm pcid sse4_1 sse4_2 x2apic movbe popcnt tsc_deadline_timer aes xsave avx f16c rdrand lahf_lm abm 3dnowprefetch cpuid_fault epb invpcid_single pti intel_pt tpr_shadow vnmi flexpriority ept vpid fsgsbase tsc_adjust bmi1 avx2 smep bmi2 erms invpcid mpx rdseed adx smap clflushopt xsaveopt xsavec xgetbv1 xsaves dtherm ida arat pln pts hwp hwp_notify hwp_act_window hwp_epp
Memory Information:               total        used        free      shared  buff/cache   available
Mem:           3836        1602         630         513        1603        1396
Swap:          3984           0        3984
Hard disk info # dmidecode 3.0
Getting SMBIOS data from sysfs.
SMBIOS 2.8 present.

Handle 0x0028, DMI type 16, 23 bytes
Physical Memory Array
	Location: System Board Or Motherboard
	Use: System Memory
	Error Correction Type: None
	Maximum Capacity: 32 GB
	Error Information Handle: No Error
	Number Of Devices: 2

Handle 0x0029, DMI type 17, 40 bytes
Memory Device
	Array Handle: 0x0028
	Error Information Handle: No Error
	Total Width: Unknown
	Data Width: Unknown
	Size: No Module Installed
	Form Factor: SODIMM
	Set: None
	Locator: Bottom-slot 1(top)
	Bank Locator: BANK 0
	Type: DDR
	Type Detail: Synchronous
	Speed: 2133 MHz
	Manufacturer: 0000
	Serial Number: 00000000
	Asset Tag: 9876543210
	Part Number:                     
	Rank: Unknown
	Configured Clock Speed: 2133 MHz
	Minimum Voltage: 1.5 V
	Maximum Voltage: 1.5 V
	Configured Voltage: 1.2 V

Handle 0x002A, DMI type 17, 40 bytes
Memory Device
	Array Handle: 0x0028
	Error Information Handle: No Error
	Total Width: 64 bits
	Data Width: 64 bits
	Size: 4096 MB
	Form Factor: SODIMM
	Set: None
	Locator: Bottom-slot 2(under)
	Bank Locator: BANK 2
	Type: DDR4
	Type Detail: Synchronous
	Speed: 2133 MHz
	Manufacturer: Samsung
	Serial Number: 15701314
	Asset Tag: 9876543210
	Part Number: M471A5143DB0-CPB    
	Rank: 1
	Configured Clock Speed: 2133 MHz
	Minimum Voltage: 1.25 V
	Maximum Voltage: 1.5 V
	Configured Voltage: 1.2 V
Mounted File System Disk /dev/sda: 931.5 GiB, 1000204886016 bytes, 1953525168 sectors
Units: sectors of 1 * 512 = 512 bytes
Sector size (logical/physical): 512 bytes / 4096 bytes
I/O size (minimum/optimal): 4096 bytes / 4096 bytes
Disklabel type: dos
Disk identifier: 0x643e5a9a

Device     Boot      Start        End    Sectors   Size Id Type
/dev/sda1  *          2048 1945360383 1945358336 927.6G 83 Linux
/dev/sda2       1945362430 1953523711    8161282   3.9G  5 Extended
/dev/sda5       1945362432 1953523711    8161280   3.9G 82 Linux swap / Solaris
